******************************************************************************
                  TI ARM Linker Unix v18.12.2                  
******************************************************************************
>> Linked Sun Sep 28 22:06:42 2025

OUTPUT FILE NAME:   <qs-rgb.out>
ENTRY POINT SYMBOL: "_c_int00_noargs"  address: 000017dd


MEMORY CONFIGURATION

         name            origin    length      used     unused   attr    fill
----------------------  --------  ---------  --------  --------  ----  --------
  FLASH                 00000000   00040000  00001ca4  0003e35c  R  X
  SRAM                  20000000   00008000  00000dec  00007214  RW X


SEGMENT ALLOCATION MAP

run origin  load origin   length   init length attrs members
----------  ----------- ---------- ----------- ----- -------
00000000    00000000    00001ca8   00001ca8    r-x
  00000000    00000000    0000026c   0000026c    r-- .intvecs
  0000026c    0000026c    0000183c   0000183c    r-x .text
  00001aa8    00001aa8    0000016c   0000016c    r-- .const
  00001c18    00001c18    00000090   00000090    r-- .cinit
20000000    20000000    00000dec   00000000    rw-
  20000000    20000000    00000800   00000000    rw- .stack
  20000800    20000800    0000056c   00000000    rw- .bss
  20000d6c    20000d6c    00000080   00000000    rw- .data


SECTION ALLOCATION MAP

 output                                  attributes/
section   page    origin      length       input sections
--------  ----  ----------  ----------   ----------------
.intvecs   0    00000000    0000026c     
                  00000000    0000026c     startup_ccs.obj (.intvecs)

.text      0    0000026c    0000183c     
                  0000026c    00000278     qs-rgb.obj (.text:main)
                  000004e4    000001ee     uartstdio.obj (.text:UARTvprintf)
                  000006d2    00000002     startup_ccs.obj (.text:FaultISR)
                  000006d4    00000160     uartstdio.obj (.text:UARTStdioIntHandler)
                  00000834    00000118     driverlib.lib : sysctl.obj (.text:SysCtlClockGet)
                  0000094c    00000104     rgb.obj (.text:RGBInit)
                  00000a50    000000e0     qs-rgb.obj (.text:AppRainbow)
                  00000b30    000000d4     qs-rgb.obj (.text:AppButtonHandler)
                  00000c04    000000c0     rgb.obj (.text:RGBEnable)
                  00000cc4    000000b0     uartstdio.obj (.text:UARTStdioConfig)
                  00000d74    000000ac     uartstdio.obj (.text:UARTwrite)
                  00000e20    000000a4     rtsv7M4_T_le_v4SPD16_eabi.lib : s_sinf.c.obj (.text:sinf)
                  00000ec4    0000009c                                   : memcpy_t2.asm.obj (.text)
                  00000f60    0000009c     ustdlib.obj (.text:ustrtoul)
                  00000ffc    00000090     rgb.obj (.text:RGBColorSet)
                  0000108c    0000008c     uartstdio.obj (.text:UARTPrimeTransmit)
                  00001118    00000088     buttons.obj (.text:ButtonsPoll)
                  000011a0    0000007a     rtsv7M4_T_le_v4SPD16_eabi.lib : memset_t2.asm.obj (.text)
                  0000121a    00000002     startup_ccs.obj (.text:IntDefaultHandler)
                  0000121c    00000078     qs-rgb.obj (.text:AppHibernateEnter)
                  00001294    00000078     qs-rgb.obj (.text:SysTickIntHandler)
                  0000130c    00000068     buttons.obj (.text:ButtonsInit)
                  00001374    00000068     rgb_commands.obj (.text:CMD_help)
                  000013dc    00000068     rgb.obj (.text:RGBDisable)
                  00001444    00000068     rtsv7M4_T_le_v4SPD16_eabi.lib : copy_decompress_lzss.c.obj (.text:decompress:lzss:__TI_decompress_lzss)
                  000014ac    00000064     cmdline.obj (.text:CmdLineProcess)
                  00001510    00000064     qs-rgb.obj (.text:ConfigureUART)
                  00001574    00000064     driverlib.lib : hibernate.obj (.text:HibernateWakeSet)
                  000015d8    00000054     uartstdio.obj (.text:UARTgets)
                  0000162c    00000044     uartstdio.obj (.text:UARTPeek)
                  00001670    00000044     rtsv7M4_T_le_v4SPD16_eabi.lib : autoinit.c.obj (.text:__TI_auto_init_nobinit_nopinit:__TI_auto_init_nobinit_nopinit)
                  000016b4    00000040                                   : u_divt2.asm.obj (.text)
                  000016f4    0000003c     rgb_commands.obj (.text:CMD_intensity)
                  00001730    0000003c     rgb_commands.obj (.text:CMD_rgb)
                  0000176c    0000003c     uartstdio.obj (.text:UARTFlushTx)
                  000017a8    00000034     driverlib.lib : sysctl.obj (.text:SysCtlPeripheralEnable)
                  000017dc    00000034     rtsv7M4_T_le_v4SPD16_eabi.lib : boot_cortex_m.c.obj (.text:_c_int00_noargs:_c_int00_noargs)
                  00001810    0000002c     driverlib.lib : hibernate.obj (.text:HibernateRTCSet)
                  0000183c    0000002c     uartstdio.obj (.text:UARTFlushRx)
                  00001868    00000028     driverlib.lib : hibernate.obj (.text:HibernateDataSet)
                  00001890    00000020                   : hibernate.obj (.text:HibernateDataGet)
                  000018b0    0000001a     uartstdio.obj (.text:UARTprintf)
                  000018ca    00000002     startup_ccs.obj (.text:NmiSR)
                  000018cc    00000018     driverlib.lib : hibernate.obj (.text:HibernateGPIORetentionEnable)
                  000018e4    00000018                   : hibernate.obj (.text:HibernateIntStatus)
                  000018fc    00000018     uartstdio.obj (.text:IsBufferFull)
                  00001914    00000018     rtsv7M4_T_le_v4SPD16_eabi.lib : strcmp.c.obj (.text:strcmp)
                  0000192c    00000014     rgb_commands.obj (.text:CMD_rand)
                  00001940    00000014     driverlib.lib : hibernate.obj (.text:HibernateEnableExpClk)
                  00001954    00000014                   : hibernate.obj (.text:HibernateIntClear)
                  00001968    00000014                   : hibernate.obj (.text:HibernateRTCEnable)
                  0000197c    00000014                   : hibernate.obj (.text:HibernateRequest)
                  00001990    00000014     rgb.obj (.text:RGBIntensitySet)
                  000019a4    00000014     driverlib.lib : sysctl.obj (.text:SysCtlResetCauseClear)
                  000019b8    00000014                   : systick.obj (.text:SysTickEnable)
                  000019cc    00000014                   : systick.obj (.text:SysTickIntEnable)
                  000019e0    00000012     uartstdio.obj (.text:GetBufferCount)
                  000019f2    00000002     rtsv7M4_T_le_v4SPD16_eabi.lib : div0.asm.obj (.text)
                  000019f4    00000010     driverlib.lib : hibernate.obj (.text:HibernateIsActive)
                  00001a04    00000010                   : hibernate.obj (.text:HibernateRTCMatchSet)
                  00001a14    00000010                   : interrupt.obj (.text:IntMasterEnable)
                  00001a24    00000010                   : systick.obj (.text:SysTickPeriodSet)
                  00001a34    00000010                   : hibernate.obj (.text:_HibernateWriteComplete)
                  00001a44    0000000e     uartstdio.obj (.text:IsBufferEmpty)
                  00001a52    0000000e     rtsv7M4_T_le_v4SPD16_eabi.lib : copy_decompress_none.c.obj (.text:decompress:none:__TI_decompress_none)
                  00001a60    0000000c     driverlib.lib : cpu.obj (.text:CPUcpsie)
                  00001a6c    0000000c                   : sysctl.obj (.text:SysCtlResetCauseGet)
                  00001a78    0000000c     rtsv7M4_T_le_v4SPD16_eabi.lib : copy_zero_init.c.obj (.text:decompress:ZI:__TI_zero_init)
                  00001a84    0000000a     rgb_commands.obj (.text:CMD_hib)
                  00001a8e    00000006     startup_ccs.obj (.text:ResetISR)
                  00001a94    00000006     driverlib.lib : sysctl.obj (.text:SysCtlDelay)
                  00001a9a    00000006                   : uart.obj (.text:UARTClockSourceSet)
                  00001aa0    00000004     rtsv7M4_T_le_v4SPD16_eabi.lib : pre_init.c.obj (.text:_system_pre_init)
                  00001aa4    00000004                                   : exit.c.obj (.text:abort:abort)

.const     0    00001aa8    0000016c     
                  00001aa8    000000dc     rgb_commands.obj (.const:.string)
                  00001b84    0000006c     driverlib.lib : sysctl.obj (.const:g_pui32Xtals)
                  00001bf0    0000000c     uartstdio.obj (.const:g_ui32UARTBase)
                  00001bfc    0000000c     uartstdio.obj (.const:g_ui32UARTInt)
                  00001c08    0000000c     uartstdio.obj (.const:g_ui32UARTPeriph)

.cinit     0    00001c18    00000090     
                  00001c18    00000065     (.cinit..data.load) [load image, compression = lzss]
                  00001c7d    00000003     --HOLE-- [fill = 0]
                  00001c80    0000000c     (__TI_handler_table)
                  00001c8c    00000004     --HOLE-- [fill = 0]
                  00001c90    00000008     (.cinit..bss.load) [load image, compression = zero_init]
                  00001c98    00000010     (__TI_cinit_table)

.init_array 
*          0    00000000    00000000     UNINITIALIZED

.bss       0    20000800    0000056c     UNINITIALIZED
                  20000800    00000400     uartstdio.obj (.bss:g_pcUARTTxBuffer)
                  20000c00    00000080     qs-rgb.obj (.bss:g_cInput)
                  20000c80    00000080     uartstdio.obj (.bss:g_pcUARTRxBuffer)
                  20000d00    00000024     cmdline.obj (.bss:g_ppcArgv)
                  20000d24    00000024     (.common:g_sAppState)
                  20000d48    00000010     qs-rgb.obj (.bss)
                  20000d58    0000000c     rgb.obj (.bss:g_ui32Colors)
                  20000d64    00000008     uartstdio.obj (.bss)

.data      0    20000d6c    00000080     UNINITIALIZED
                  20000d6c    00000048     rgb_commands.obj (.data:g_psCmdTable)
                  20000db4    0000001c     qs-rgb.obj (.data:fManualColors)
                  20000dd0    00000015     uartstdio.obj (.data)
                  20000de5    00000003     buttons.obj (.data)
                  20000de8    00000004     rgb.obj (.data)

.stack     0    20000000    00000800     UNINITIALIZED
                  20000000    00000004     rtsv7M4_T_le_v4SPD16_eabi.lib : boot_cortex_m.c.obj (.stack)
                  20000004    000007fc     --HOLE--

.binit     0    00000000    00000000     

MODULE SUMMARY

       Module                       code   ro data   rw data
       ------                       ----   -------   -------
    ./
       qs-rgb.obj                   1408   0         208    
       startup_ccs.obj              12     620       0      
       rgb_commands.obj             254    220       72     
    +--+----------------------------+------+---------+---------+
       Total:                       1674   840       280    
                                                            
    ./drivers/
       rgb.obj                      720    0         16     
       buttons.obj                  240    0         3      
    +--+----------------------------+------+---------+---------+
       Total:                       960    0         19     
                                                            
    ./utils/
       uartstdio.obj                1672   36        1181   
       ustdlib.obj                  156    0         0      
       cmdline.obj                  100    0         36     
    +--+----------------------------+------+---------+---------+
       Total:                       1928   36        1217   
                                                            
    /opt/ccstudio/TivaWare_C_Series-2.2.0.295/driverlib/ccs/Debug/driverlib.lib
       sysctl.obj                   370    108       0      
       hibernate.obj                392    0         0      
       systick.obj                  56     0         0      
       interrupt.obj                16     0         0      
       cpu.obj                      12     0         0      
       uart.obj                     6      0         0      
    +--+----------------------------+------+---------+---------+
       Total:                       852    108       0      
                                                            
    /opt/ccstudio/ccs/tools/compiler/ti-cgt-tms470-18.12.2.LTS/lib/rtsv7M4_T_le_v4SPD16_eabi.lib
       s_sinf.c.obj                 164    0         0      
       memcpy_t2.asm.obj            156    0         0      
       memset_t2.asm.obj            122    0         0      
       copy_decompress_lzss.c.obj   104    0         0      
       autoinit.c.obj               68     0         0      
       u_divt2.asm.obj              64     0         0      
       boot_cortex_m.c.obj          52     0         0      
       strcmp.c.obj                 24     0         0      
       copy_decompress_none.c.obj   14     0         0      
       copy_zero_init.c.obj         12     0         0      
       exit.c.obj                   4      0         0      
       pre_init.c.obj               4      0         0      
       div0.asm.obj                 2      0         0      
    +--+----------------------------+------+---------+---------+
       Total:                       790    0         0      
                                                            
       Stack:                       0      0         2048   
       Linker Generated:            0      137       0      
    +--+----------------------------+------+---------+---------+
       Grand Total:                 6204   1121      3564   


LINKER GENERATED COPY TABLES

__TI_cinit_table @ 00001c98 records: 2, size/record: 8, table size: 16
	.data: load addr=00001c18, load size=00000065 bytes, run addr=20000d6c, run size=00000080 bytes, compression=lzss
	.bss: load addr=00001c90, load size=00000008 bytes, run addr=20000800, run size=0000056c bytes, compression=zero_init


LINKER GENERATED HANDLER TABLE

__TI_handler_table @ 00001c80 records: 3, size/record: 4, table size: 12
	index: 0, handler: __TI_decompress_lzss
	index: 1, handler: __TI_decompress_none
	index: 2, handler: __TI_zero_init


GLOBAL SYMBOLS: SORTED ALPHABETICALLY BY Name 

address   name                          
-------   ----                          
00000b31  AppButtonHandler              
0000121d  AppHibernateEnter             
00000a51  AppRainbow                    
0000130d  ButtonsInit                   
00001119  ButtonsPoll                   
00001aa5  C$$EXIT                       
00001375  CMD_help                      
00001a85  CMD_hib                       
000016f5  CMD_intensity                 
0000192d  CMD_rand                      
00001731  CMD_rgb                       
00001a61  CPUcpsie                      
000014ad  CmdLineProcess                
00001511  ConfigureUART                 
00001891  HibernateDataGet              
00001869  HibernateDataSet              
00001941  HibernateEnableExpClk         
000018cd  HibernateGPIORetentionEnable  
00001955  HibernateIntClear             
000018e5  HibernateIntStatus            
000019f5  HibernateIsActive             
00001969  HibernateRTCEnable            
00001a05  HibernateRTCMatchSet          
00001811  HibernateRTCSet               
0000197d  HibernateRequest              
00001575  HibernateWakeSet              
00001a15  IntMasterEnable               
00000ffd  RGBColorSet                   
000013dd  RGBDisable                    
00000c05  RGBEnable                     
0000094d  RGBInit                       
00001991  RGBIntensitySet               
00001a8f  ResetISR                      
00000835  SysCtlClockGet                
00001a95  SysCtlDelay                   
000017a9  SysCtlPeripheralEnable        
000019a5  SysCtlResetCauseClear         
00001a6d  SysCtlResetCauseGet           
000019b9  SysTickEnable                 
000019cd  SysTickIntEnable              
00001295  SysTickIntHandler             
00001a25  SysTickPeriodSet              
00001a9b  UARTClockSourceSet            
0000183d  UARTFlushRx                   
0000176d  UARTFlushTx                   
0000162d  UARTPeek                      
00000cc5  UARTStdioConfig               
000006d5  UARTStdioIntHandler           
000015d9  UARTgets                      
000018b1  UARTprintf                    
000004e5  UARTvprintf                   
00000d75  UARTwrite                     
20000800  __STACK_END                   
00000800  __STACK_SIZE                  
20000800  __STACK_TOP                   
00001c98  __TI_CINIT_Base               
00001ca8  __TI_CINIT_Limit              
00001c80  __TI_Handler_Table_Base       
00001c8c  __TI_Handler_Table_Limit      
00001671  __TI_auto_init_nobinit_nopinit
00001445  __TI_decompress_lzss          
00001a53  __TI_decompress_none          
ffffffff  __TI_pprof_out_hndl           
ffffffff  __TI_prof_data_size           
ffffffff  __TI_prof_data_start          
00000000  __TI_static_base__            
00001a79  __TI_zero_init                
000019f3  __aeabi_idiv0                 
000019f3  __aeabi_ldiv0                 
000011a1  __aeabi_memclr                
000011a1  __aeabi_memclr4               
000011a1  __aeabi_memclr8               
00000ec5  __aeabi_memcpy                
00000ec5  __aeabi_memcpy4               
00000ec5  __aeabi_memcpy8               
000011a3  __aeabi_memset                
000011a3  __aeabi_memset4               
000011a3  __aeabi_memset8               
000016b5  __aeabi_uidiv                 
000016b5  __aeabi_uidivmod              
ffffffff  __binit__                     
ffffffff  __c_args__                    
UNDEFED   __mpu_init                    
20000000  __stack                       
000017dd  _c_int00_noargs               
UNDEFED   _system_post_cinit            
00001aa1  _system_pre_init              
00001aa5  abort                         
ffffffff  binit                         
00000000  g_pfnVectors                  
20000d6c  g_psCmdTable                  
20000d24  g_sAppState                   
0000026d  main                          
00000ec5  memcpy                        
000011a9  memset                        
00000e21  sinf                          
00001915  strcmp                        
00000f61  ustrtoul                      


GLOBAL SYMBOLS: SORTED BY Symbol Address 

address   name                          
-------   ----                          
00000000  __TI_static_base__            
00000000  g_pfnVectors                  
0000026d  main                          
000004e5  UARTvprintf                   
000006d5  UARTStdioIntHandler           
00000800  __STACK_SIZE                  
00000835  SysCtlClockGet                
0000094d  RGBInit                       
00000a51  AppRainbow                    
00000b31  AppButtonHandler              
00000c05  RGBEnable                     
00000cc5  UARTStdioConfig               
00000d75  UARTwrite                     
00000e21  sinf                          
00000ec5  __aeabi_memcpy                
00000ec5  __aeabi_memcpy4               
00000ec5  __aeabi_memcpy8               
00000ec5  memcpy                        
00000f61  ustrtoul                      
00000ffd  RGBColorSet                   
00001119  ButtonsPoll                   
000011a1  __aeabi_memclr                
000011a1  __aeabi_memclr4               
000011a1  __aeabi_memclr8               
000011a3  __aeabi_memset                
000011a3  __aeabi_memset4               
000011a3  __aeabi_memset8               
000011a9  memset                        
0000121d  AppHibernateEnter             
00001295  SysTickIntHandler             
0000130d  ButtonsInit                   
00001375  CMD_help                      
000013dd  RGBDisable                    
00001445  __TI_decompress_lzss          
000014ad  CmdLineProcess                
00001511  ConfigureUART                 
00001575  HibernateWakeSet              
000015d9  UARTgets                      
0000162d  UARTPeek                      
00001671  __TI_auto_init_nobinit_nopinit
000016b5  __aeabi_uidiv                 
000016b5  __aeabi_uidivmod              
000016f5  CMD_intensity                 
00001731  CMD_rgb                       
0000176d  UARTFlushTx                   
000017a9  SysCtlPeripheralEnable        
000017dd  _c_int00_noargs               
00001811  HibernateRTCSet               
0000183d  UARTFlushRx                   
00001869  HibernateDataSet              
00001891  HibernateDataGet              
000018b1  UARTprintf                    
000018cd  HibernateGPIORetentionEnable  
000018e5  HibernateIntStatus            
00001915  strcmp                        
0000192d  CMD_rand                      
00001941  HibernateEnableExpClk         
00001955  HibernateIntClear             
00001969  HibernateRTCEnable            
0000197d  HibernateRequest              
00001991  RGBIntensitySet               
000019a5  SysCtlResetCauseClear         
000019b9  SysTickEnable                 
000019cd  SysTickIntEnable              
000019f3  __aeabi_idiv0                 
000019f3  __aeabi_ldiv0                 
000019f5  HibernateIsActive             
00001a05  HibernateRTCMatchSet          
00001a15  IntMasterEnable               
00001a25  SysTickPeriodSet              
00001a53  __TI_decompress_none          
00001a61  CPUcpsie                      
00001a6d  SysCtlResetCauseGet           
00001a79  __TI_zero_init                
00001a85  CMD_hib                       
00001a8f  ResetISR                      
00001a95  SysCtlDelay                   
00001a9b  UARTClockSourceSet            
00001aa1  _system_pre_init              
00001aa5  C$$EXIT                       
00001aa5  abort                         
00001c80  __TI_Handler_Table_Base       
00001c8c  __TI_Handler_Table_Limit      
00001c98  __TI_CINIT_Base               
00001ca8  __TI_CINIT_Limit              
20000000  __stack                       
20000800  __STACK_END                   
20000800  __STACK_TOP                   
20000d24  g_sAppState                   
20000d6c  g_psCmdTable                  
ffffffff  __TI_pprof_out_hndl           
ffffffff  __TI_prof_data_size           
ffffffff  __TI_prof_data_start          
ffffffff  __binit__                     
ffffffff  __c_args__                    
ffffffff  binit                         
UNDEFED   __mpu_init                    
UNDEFED   _system_post_cinit            

[98 symbols]
